
> Agilize@1.4.6 build
> cross-env NODE_OPTIONS=--max-old-space-size=8192 next build --turbopack

Ôû▓ Next.js 16.2.2 (Turbopack)
- Environments: .env
- Experiments (use with caution):
  Ô£ô optimizeCss

  Creating an optimized production build ...
node.exe : Turbopack build encountered 15 warnings:
No linha:1 caractere:1
+ & "C:\nvm4w\nodejs/node.exe" "C:\nvm4w\nodejs/node_modules/npm/bin/np ...
+ ~~~~~~~~~~~~~~~~~~~~~~~~~~~~~~~~~~~~~~~~~~~~~~~~~~~~~~~~~~~~~~~~~~~~~
    + CategoryInfo          : NotSpecified: (Turbopack build encountered 15 wa 
   rnings::String) [], RemoteException
    + FullyQualifiedErrorId : NativeCommandError
 
./src/app/api/contributors/route.ts:63:25
The file pattern '/ROOT/public/uploads' matches 28542 files in [project]/
  [90m61 |[0m     })
  [90m62 |[0m
[31m[1m>[0m [90m63 |[0m     [36mconst[0m [33mUPLOADS_DIR[0m = 
path.join(process.cwd(), [33mUPLOADS_FOLDER[0m)
  [90m   |[0m                         
[31m[1m^^^^^^^^^^^^^^^^^^^^^^^^^^^^^^^^^^^^^^^^[0m
  [90m64 |[0m     [36mconst[0m contributorsWithPhotos = contributors.map(c 
=> {
  [90m65 |[0m       [36mif[0m (!c.photoUrl) {
  [90m66 |[0m         [36mreturn[0m { ...c, photoExists: [36mfalse[0m }

Overly broad patterns can lead to build performance issues and over bundling.


./src/app/api/contributors/upload/route.ts:41:23
The file pattern '/ROOT/public/uploads' matches 28542 files in [project]/
  [90m39 |[0m
  [90m40 |[0m     [90m// Garantir que o diret├│rio de uploads exista[0m
[31m[1m>[0m [90m41 |[0m     [36mconst[0m uploadDir = 
join(process.cwd(), [33mUPLOADS_FOLDER[0m)
  [90m   |[0m                       
[31m[1m^^^^^^^^^^^^^^^^^^^^^^^^^^^^^^^^^^^[0m
  [90m42 |[0m     [36mtry[0m {
  [90m43 |[0m       [36mawait[0m mkdir(uploadDir, { recursive: 
[36mtrue[0m })
  [90m44 |[0m     } [36mcatch[0m (error) {

Overly broad patterns can lead to build performance issues and over bundling.


./src/app/api/uploads/[[...path]]/route.ts:8:21
The file pattern '/ROOT/public/uploads' matches 28542 files in [project]/
  [90m 6 |[0m [36mimport[0m { existsSync } [36mfrom[0m [32m"fs"[0m;
  [90m 7 |[0m
[31m[1m>[0m [90m 8 |[0m [36mconst[0m [33mUPLOADS_DIR[0m = 
join(process.cwd(), [32m"public"[0m, [32m"uploads"[0m);
  [90m   |[0m                     
[31m[1m^^^^^^^^^^^^^^^^^^^^^^^^^^^^^^^^^^^^^^^^[0m
  [90m 9 |[0m
  [90m10 |[0m /**
  [90m11 |[0m  * [33mServe[0m uploaded files (anexos) via [33mAPI[0m.

Overly broad patterns can lead to build performance issues and over bundling.


./src/app/api/contributors/upload/route.ts:52:18
The file pattern ('/ROOT/public/uploads/' <dynamic> '-' <dynamic> | 
'/ROOT/public/uploads' <dynamic> '-' <dynamic>) matches 19526 files in 
[project]/
  [90m50 |[0m     [90m// Gerar um nome de arquivo ├║nico[0m
  [90m51 |[0m     [36mconst[0m fileName = 
[32m`[0m${[33mDate[0m.now()[32m}-[0m${file.name[32m}`[0m
[31m[1m>[0m [90m52 |[0m     [36mconst[0m path = join(uploadDir, 
fileName)
  [90m   |[0m                  [31m[1m^^^^^^^^^^^^^^^^^^^^^^^^^[0m
  [90m53 |[0m
  [90m54 |[0m     [90m// Salvar o arquivo[0m
  [90m55 |[0m     [36mawait[0m writeFile(path, buffer)

Overly broad patterns can lead to build performance issues and over bundling.


./src/app/api/upload/route.ts:56:26
The file pattern ('/ROOT/public/uploads/' <dynamic> '/' <dynamic> '.' 
<dynamic> | '/ROOT/public/uploads' <dynamic> '/' <dynamic> '.' <dynamic> | 
'/ROOT/public/uploads/' <dynamic> '.' <dynamic> | '/ROOT/public/uploads' 
<dynamic> '.' <dynamic> | '/ROOT/public/uploads/' <dynamic> '/' <dynamic> 
'.jpg' | '/ROOT/public/uploads' <dynamic> '/' <dynamic> '.jpg' | 
'/ROOT/public/uploads/' <dynamic> '.jpg' | '/ROOT/public/uploads' <dynamic> 
'.jpg') matches 228892 files in [project]/
  [90m54 |[0m         [36mconst[0m extension = 
originalName.split([32m'.'[0m).pop() || [32m'jpg'[0m;
  [90m55 |[0m         [36mconst[0m fileName = 
[32m`[0m${uuidv4()[32m}.[0m${extension[32m}`[0m;
[31m[1m>[0m [90m56 |[0m         [36mconst[0m filePath = join(uploadDir, 
fileName);
  [90m   |[0m                          [31m[1m^^^^^^^^^^^^^^^^^^^^^^^^^[0m
  [90m57 |[0m
  [90m58 |[0m         [90m// Salvar arquivo[0m
  [90m59 |[0m         [36mawait[0m writeFile(filePath, buffer);

Overly broad patterns can lead to build performance issues and over bundling.


./src/app/api/contributors/route.ts:70:24
The file pattern ('/ROOT/public/uploads/' <dynamic> | '/ROOT/public/uploads' 
<dynamic>) matches 114168 files in [project]/
  [90m68 |[0m
  [90m69 |[0m       [36mconst[0m fileName = c.photoUrl
[31m[1m>[0m [90m70 |[0m       [36mconst[0m filePath = 
path.join([33mUPLOADS_DIR[0m, fileName)
  [90m   |[0m                        
[31m[1m^^^^^^^^^^^^^^^^^^^^^^^^^^^^^^^^[0m
  [90m71 |[0m       [36mconst[0m fileExists = fs.existsSync(filePath)
  [90m72 |[0m
  [90m73 |[0m       [36mreturn[0m {

Overly broad patterns can lead to build performance issues and over bundling.


./src/app/api/delete-history/route.ts:82:32
The file pattern ('/ROOT/public/uploads/' <dynamic> | '/ROOT/public/uploads' 
<dynamic>) matches 114168 files in [project]/
  [90m80 |[0m         [36mif[0m (parts.length === [35m2[0m) {
  [90m81 |[0m           [36mconst[0m relativePath = parts[[35m1[0m];
[31m[1m>[0m [90m82 |[0m           [36mconst[0m physicalPath = 
join(process.cwd(), [32m'public'[0m, [32m'uploads'[0m, relativePath);
  [90m   |[0m                                
[31m[1m^^^^^^^^^^^^^^^^^^^^^^^^^^^^^^^^^^^^^^^^^^^^^^^^^^^^^^[0m
  [90m83 |[0m           filePathsToDelete.push(physicalPath);
  [90m84 |[0m         }
  [90m85 |[0m       }

Overly broad patterns can lead to build performance issues and over bundling.


./src/app/api/reports/contributors/route.ts:356:31
The file pattern ('/ROOT/public/uploads/' <dynamic> | '/ROOT/public/uploads' 
<dynamic>) matches 114168 files in [project]/
  [90m354 |[0m         [36mif[0m (row.photoUrl) {
  [90m355 |[0m           [36mtry[0m {
[31m[1m>[0m [90m356 |[0m             [36mconst[0m photoPath = 
path.join(process.cwd(), [32m'public'[0m, [32m'uploads'[0m, row.photoUrl)
  [90m    |[0m                               
[31m[1m^^^^^^^^^^^^^^^^^^^^^^^^^^^^^^^^^^^^^^^^^^^^^^^^^^^^^^^^^^^[0m
  [90m357 |[0m             [36mif[0m (fs.existsSync(photoPath)) {
  [90m358 |[0m               [36mconst[0m photoData = 
fs.readFileSync(photoPath).toString([32m'base64'[0m)
  [90m359 |[0m               [36mconst[0m ext = 
row.photoUrl.toLowerCase().endsWith([32m'.png'[0m) ? [32m'PNG'[0m : 
[32m'JPEG'[0m

Overly broad patterns can lead to build performance issues and over bundling.


./src/app/api/upload/route.ts:46:27
The file pattern ('/ROOT/public/uploads/' <dynamic> | '/ROOT/public/uploads' 
<dynamic>) matches 114168 files in [project]/
  [90m44 |[0m         [90m// Definir pasta de destino[0m
  [90m45 |[0m         [36mconst[0m subfolder = [36mtype[0m === 
[32m'user'[0m ? [32m'usuarios'[0m : [32m'documentos'[0m;
[31m[1m>[0m [90m46 |[0m         [36mconst[0m uploadDir = 
join(process.cwd(), [32m"public"[0m, [32m"uploads"[0m, subfolder);
  [90m   |[0m                           
[31m[1m^^^^^^^^^^^^^^^^^^^^^^^^^^^^^^^^^^^^^^^^^^^^^^^^^^^[0m
  [90m47 |[0m
  [90m48 |[0m         [90m// Garantir que a pasta existe[0m
  [90m49 |[0m         [36mawait[0m mkdir(uploadDir, { recursive: 
[36mtrue[0m });

Overly broad patterns can lead to build performance issues and over bundling.


./src/app/api/uploads/[[...path]]/route.ts:38:20
The file pattern ('/ROOT/public/uploads/' <dynamic> | '/ROOT/public/uploads' 
<dynamic>) matches 114168 files in [project]/
  [90m36 |[0m   }
  [90m37 |[0m
[31m[1m>[0m [90m38 |[0m   [36mconst[0m filePath = 
join([33mUPLOADS_DIR[0m, safePath);
  [90m   |[0m                    [31m[1m^^^^^^^^^^^^^^^^^^^^^^^^^^^[0m
  [90m39 |[0m   [36mif[0m (!filePath.startsWith([33mUPLOADS_DIR[0m)) {
  [90m40 |[0m     [36mreturn[0m [33mNextResponse[0m.json({ error: 
[32m"Caminho inv├ílido"[0m }, { status: [35m400[0m });
  [90m41 |[0m   }

Overly broad patterns can lead to build performance issues and over bundling.


./src/app/api/contributors/route.ts:71:26
The file pattern ('/ROOT/public/uploads/' <dynamic> | '/ROOT/public/uploads' 
<dynamic>) matches 28542 files in [project]/
  [90m69 |[0m       [36mconst[0m fileName = c.photoUrl
  [90m70 |[0m       [36mconst[0m filePath = 
path.join([33mUPLOADS_DIR[0m, fileName)
[31m[1m>[0m [90m71 |[0m       [36mconst[0m fileExists = 
fs.existsSync(filePath)
  [90m   |[0m                          [31m[1m^^^^^^^^^^^^^^^^^^^^^^^[0m
  [90m72 |[0m
  [90m73 |[0m       [36mreturn[0m {
  [90m74 |[0m         ...c,

Overly broad patterns can lead to build performance issues and over bundling.


./src/app/api/reports/contributors/route.ts:357:17
The file pattern ('/ROOT/public/uploads/' <dynamic> | '/ROOT/public/uploads' 
<dynamic>) matches 28542 files in [project]/
  [90m355 |[0m           [36mtry[0m {
  [90m356 |[0m             [36mconst[0m photoPath = 
path.join(process.cwd(), [32m'public'[0m, [32m'uploads'[0m, row.photoUrl)
[31m[1m>[0m [90m357 |[0m             [36mif[0m 
(fs.existsSync(photoPath)) {
  [90m    |[0m                 [31m[1m^^^^^^^^^^^^^^^^^^^^^^^^[0m
  [90m358 |[0m               [36mconst[0m photoData = 
fs.readFileSync(photoPath).toString([32m'base64'[0m)
  [90m359 |[0m               [36mconst[0m ext = 
row.photoUrl.toLowerCase().endsWith([32m'.png'[0m) ? [32m'PNG'[0m : 
[32m'JPEG'[0m
  [90m360 |[0m               doc.addImage(photoData, ext, cols.nome, y + 
[35m0.5[0m, photoSize, photoSize)

Overly broad patterns can lead to build performance issues and over bundling.


./src/app/api/reports/contributors/route.ts:358:33
The file pattern ('/ROOT/public/uploads/' <dynamic> | '/ROOT/public/uploads' 
<dynamic>) matches 28542 files in [project]/
  [90m356 |[0m             [36mconst[0m photoPath = 
path.join(process.cwd(), [32m'public'[0m, [32m'uploads'[0m, row.photoUrl)
  [90m357 |[0m             [36mif[0m (fs.existsSync(photoPath)) {
[31m[1m>[0m [90m358 |[0m               [36mconst[0m photoData = 
fs.readFileSync(photoPath).toString([32m'base64'[0m)
  [90m    |[0m                                 
[31m[1m^^^^^^^^^^^^^^^^^^^^^^^^^^[0m
  [90m359 |[0m               [36mconst[0m ext = 
row.photoUrl.toLowerCase().endsWith([32m'.png'[0m) ? [32m'PNG'[0m : 
[32m'JPEG'[0m
  [90m360 |[0m               doc.addImage(photoData, ext, cols.nome, y + 
[35m0.5[0m, photoSize, photoSize)
  [90m361 |[0m             }

Overly broad patterns can lead to build performance issues and over bundling.


./src/app/api/uploads/[[...path]]/route.ts:43:8
The file pattern ('/ROOT/public/uploads/' <dynamic> | '/ROOT/public/uploads' 
<dynamic>) matches 28542 files in [project]/
  [90m41 |[0m   }
  [90m42 |[0m
[31m[1m>[0m [90m43 |[0m   [36mif[0m (!existsSync(filePath)) {
  [90m   |[0m        [31m[1m^^^^^^^^^^^^^^^^^^^^[0m
  [90m44 |[0m     [36mreturn[0m [33mNextResponse[0m.json({ error: 
[32m"Arquivo n├úo encontrado"[0m }, { status: [35m404[0m });
  [90m45 |[0m   }
  [90m46 |[0m

Overly broad patterns can lead to build performance issues and over bundling.


./src/app/api/uploads/[[...path]]/route.ts:48:26
The file pattern ('/ROOT/public/uploads/' <dynamic> | '/ROOT/public/uploads' 
<dynamic>) matches 28542 files in [project]/
  [90m46 |[0m
  [90m47 |[0m   [36mtry[0m {
[31m[1m>[0m [90m48 |[0m     [36mconst[0m buffer = [36mawait[0m 
readFile(filePath);
  [90m   |[0m                          [31m[1m^^^^^^^^^^^^^^^^^^[0m
  [90m49 |[0m     [36mconst[0m ext = pathSegments[pathSegments.length - 
[35m1[0m]?.split([32m"."[0m).pop() ?? [32m""[0m;
  [90m50 |[0m     [36mconst[0m mime: [33mRecord[0m<string, string> = {
  [90m51 |[0m       jpg: [32m"image/jpeg"[0m,

Overly broad patterns can lead to build performance issues and over bundling.


Ô£ô Compiled successfully in 13.8s
  Skipping validation of types
  Finished TypeScript config validation in 11ms ...
  Collecting page data using 11 workers ...
  Generating static pages using 11 workers (0/74) ...
  Generating static pages using 11 workers (18/74) 
  Generating static pages using 11 workers (36/74) 
  Generating static pages using 11 workers (55/74) 
Ô£ô Generating static pages using 11 workers (74/74) in 1096ms
  Finalizing page optimization ...

Route (app)
Ôöî Ôùï /
Ôö£ Ôùï /_not-found
Ôö£ ãÆ /api/auth/[...nextauth]
Ôö£ ãÆ /api/bank-integration/config
Ôö£ ãÆ /api/bank-integration/config/[id]
Ôö£ ãÆ /api/bank-integration/config/fields
Ôö£ ãÆ /api/bank-integration/execute
Ôö£ ãÆ /api/bank-integration/execute/[id]
Ôö£ ãÆ /api/bank-integration/execute/[id]/export
Ôö£ ãÆ /api/bank-integration/execute/[id]/integrate
Ôö£ ãÆ /api/bank-integration/execute/[id]/preview
Ôö£ ãÆ /api/bank-integration/execute/[id]/undo
Ôö£ ãÆ /api/bank-integration/execute/import
Ôö£ ãÆ /api/classifications
Ôö£ ãÆ /api/classifications/import
Ôö£ ãÆ /api/congregation-summaries
Ôö£ ãÆ /api/congregations
Ôö£ ãÆ /api/congregations/all
Ôö£ ãÆ /api/congregations/import
Ôö£ ãÆ /api/contributors
Ôö£ ãÆ /api/contributors/import
Ôö£ ãÆ /api/contributors/upload
Ôö£ ãÆ /api/db-aliases
Ôö£ ãÆ /api/delete-history
Ôö£ ãÆ /api/export
Ôö£ ãÆ /api/financial-entities
Ôö£ ãÆ /api/launches
Ôö£ ãÆ /api/launches/[id]
Ôö£ ãÆ /api/launches/import
Ôö£ ãÆ /api/launches/status/[id]
Ôö£ ãÆ /api/logout-all
Ôö£ ãÆ /api/payment-methods
Ôö£ ãÆ /api/profiles
Ôö£ ãÆ /api/register
Ôö£ ãÆ /api/reports/accountability
Ôö£ ãÆ /api/reports/accountability/pdf
Ôö£ ãÆ /api/reports/audit
Ôö£ ãÆ /api/reports/available-years
Ôö£ ãÆ /api/reports/contributors
Ôö£ ãÆ /api/reports/history-contrib-analytic
Ôö£ ãÆ /api/reports/history-contrib-synthetic
Ôö£ ãÆ /api/reports/launches
Ôö£ ãÆ /api/reports/monthly-summary
Ôö£ ãÆ /api/reports/summary
Ôö£ ãÆ /api/suppliers
Ôö£ ãÆ /api/suppliers/import
Ôö£ ãÆ /api/test-logout
Ôö£ ãÆ /api/upload
Ôö£ ãÆ /api/uploads/[[...path]]
Ôö£ ãÆ /api/user/change-password
Ôö£ ãÆ /api/user/profile
Ôö£ ãÆ /api/user/update-default-page
Ôö£ ãÆ /api/users
Ôö£ ãÆ /api/users/associate
Ôö£ ãÆ /api/users/import
Ôö£ ãÆ /api/users/importAssociate
Ôö£ Ôùï /auth/register
Ôö£ Ôùï /auth/signin
Ôö£ Ôùï /bank-integration/config-integration
Ôö£ ãÆ /bank-integration/config-integration/[id]
Ôö£ Ôùï /bank-integration/execute
Ôö£ Ôùï /bank-integration/financial-entities
Ôö£ Ôùï /bank-integration/payment-methods
Ôö£ Ôùï /classifications
Ôö£ Ôùï /congregation-summary
Ôö£ Ôùï /congregations
Ôö£ Ôùï /contributors
Ôö£ Ôùï /dashboard
Ôö£ Ôùï /delete-history
Ôö£ Ôùï /export
Ôö£ Ôùï /launches
Ôö£ Ôùï /profile
Ôö£ Ôùï /profiles
Ôö£ Ôùï /reports/accountability
Ôö£ Ôùï /reports/audit
Ôö£ Ôùï /reports/contributors
Ôö£ Ôùï /reports/history-contrib-analytic
Ôö£ Ôùï /reports/history-contrib-synthetic
Ôö£ Ôùï /reports/launches
Ôö£ Ôùï /reports/monthly-summary
Ôö£ Ôùï /suppliers
Ôö£ Ôùï /unauthorized
Ôöö Ôùï /users


Ôùï  (Static)   prerendered as static content
ãÆ  (Dynamic)  server-rendered on demand

